*** EVALUATION ***
PROGRAM "BOOT.elf"

*********************************************************************************************
TARGET SECTION
---------------------------------------------------------------------------------------------
Processor   : Freescale S12Z
Memory Model: SMALL
File Format : ELF\DWARF 2.0
Linker      : SmartLinker V-5.0.54 Build 18298, Oct 26 2018

*********************************************************************************************
FILE SECTION
---------------------------------------------------------------------------------------------
CAN_c.obj                               Model: SMALL,         Lang: ANSI-C,        Compiler Version: C/C++ Compiler for S12/L-ISA v-5.0.45 build 18298
Events_c.obj                            Model: SMALL,         Lang: ANSI-C,        Compiler Version: C/C++ Compiler for S12/L-ISA v-5.0.45 build 18298
System_c.obj                            Model: SMALL,         Lang: ANSI-C,        Compiler Version: C/C++ Compiler for S12/L-ISA v-5.0.45 build 18298
main_c.obj                              Model: SMALL,         Lang: ANSI-C,        Compiler Version: C/C++ Compiler for S12/L-ISA v-5.0.45 build 18298
network_layer_c.obj                     Model: SMALL,         Lang: ANSI-C,        Compiler Version: C/C++ Compiler for S12/L-ISA v-5.0.45 build 18298
uds_service_c.obj                       Model: SMALL,         Lang: ANSI-C,        Compiler Version: C/C++ Compiler for S12/L-ISA v-5.0.45 build 18298
uds_status_c.obj                        Model: SMALL,         Lang: ANSI-C,        Compiler Version: C/C++ Compiler for S12/L-ISA v-5.0.45 build 18298
uds_support_c.obj                       Model: SMALL,         Lang: ANSI-C,        Compiler Version: C/C++ Compiler for S12/L-ISA v-5.0.45 build 18298
uds_util_c.obj                          Model: SMALL,         Lang: ANSI-C,        Compiler Version: C/C++ Compiler for S12/L-ISA v-5.0.45 build 18298
EEPROM_Control_c.obj                    Model: SMALL,         Lang: ANSI-C,        Compiler Version: C/C++ Compiler for S12/L-ISA v-5.0.45 build 18298
EEPROM_S12Z_c.obj                       Model: SMALL,         Lang: ANSI-C,        Compiler Version: C/C++ Compiler for S12/L-ISA v-5.0.45 build 18298
FLASH_Control_c.obj                     Model: SMALL,         Lang: ANSI-C,        Compiler Version: C/C++ Compiler for S12/L-ISA v-5.0.45 build 18298
FLASH_S12Z_c.obj                        Model: SMALL,         Lang: ANSI-C,        Compiler Version: C/C++ Compiler for S12/L-ISA v-5.0.45 build 18298
starts12z_c.obj                         Model: SMALL,         Lang: ANSI-C,        Compiler Version: C/C++ Compiler for S12/L-ISA v-5.0.45 build 18298
CANComm_c.obj                           Model: SMALL,         Lang: ANSI-C,        Compiler Version: C/C++ Compiler for S12/L-ISA v-5.0.45 build 18298
CANPHY0_c.obj                           Model: SMALL,         Lang: ANSI-C,        Compiler Version: C/C++ Compiler for S12/L-ISA v-5.0.45 build 18298
Cpu_c.obj                               Model: SMALL,         Lang: ANSI-C,        Compiler Version: C/C++ Compiler for S12/L-ISA v-5.0.45 build 18298
IO_Map_c.obj                            Model: SMALL,         Lang: ANSI-C,        Compiler Version: C/C++ Compiler for S12/L-ISA v-5.0.45 build 18298
Timer_1ms_c.obj                         Model: SMALL,         Lang: ANSI-C,        Compiler Version: C/C++ Compiler for S12/L-ISA v-5.0.45 build 18298
Vectors_c.obj                           Model: SMALL,         Lang: ANSI-C,        Compiler Version: C/C++ Compiler for S12/L-ISA v-5.0.45 build 18298
rts12z.o (ansii.lib)                    Model: SMALL,         Lang: ANSI-C,        Compiler Version: C/C++ Compiler for S12/L-ISA v-5.0.45 build 18298
stdlib.o (ansii.lib)                    Model: SMALL,         Lang: ANSI-C,        Compiler Version: C/C++ Compiler for S12/L-ISA v-5.0.45 build 18298
string.o (ansii.lib)                    Model: SMALL,         Lang: ANSI-C,        Compiler Version: C/C++ Compiler for S12/L-ISA v-5.0.45 build 18298

*********************************************************************************************
STARTUP SECTION
---------------------------------------------------------------------------------------------
Entry point: 0xFFC000 (Dispatcher)
_startupData is allocated at 0xFFC05D and uses 20 Bytes
extern struct _tagStartup {
  unsigned nofZeroOut     1
  _Range   pZeroOut       0x1000     357
  _Copy    *toCopyDownBeg 0xFFE24A
  int      nofInitBodies  4
  _Cpp     *initBodies    0xFFC078
  int      nofFiniBodies  0
  _Cpp     *finiBodies    0xFFC084
} _startupData;

*********************************************************************************************
SECTION-ALLOCATION SECTION
Section Name                    Size  Type     From       To       Segment
---------------------------------------------------------------------------------------------
.init                             93     R   0xFFC000   0xFFC05C   ROM
.startData                        39     R   0xFFC05D   0xFFC083   ROM
.rodata                          158     R   0xFFC084   0xFFC121   ROM
NON_BANKED                       299     R   0xFFC122   0xFFC24C   ROM
.text                           7366     R   0xFFC24D   0xFFDF12   ROM
.copy                             31     R   0xFFE24A   0xFFE268   ROM
.data                             20   R/W     0x1000     0x1013   RAM
.__absdata_BootLoader_Version_array__          7     R   0xFFFDF0   0xFFFDF6   .absSeg0
.__absdata_NVDFPROT_INIT__          1     R   0xFFFE0D   0xFFFE0D   .absSeg1
.__absdata_ADC0RBP__               3   N/I      0x621      0x623   .absSeg2
.__absdata_ADC0CBP__               3   N/I      0x61D      0x61F   .absSeg3
.__absdata_ECCDPTR__               3   N/I      0x3C7      0x3C9   .absSeg4
.__absdata_DBGDA__                 3   N/I      0x145      0x147   .absSeg5
.__absdata_DBGBA__                 3   N/I      0x125      0x127   .absSeg6
.__absdata_DBGAA__                 3   N/I      0x115      0x117   .absSeg7
.__absdata_MMCPC__                 3   N/I       0x85       0x87   .absSeg8
.__absdata__TXBUF__                4   N/I      0x9A8      0x9AB   .absSeg9
.__absdata__ADC0CMD__              4   N/I      0x614      0x617   .absSeg10
.__absdata__PARTID__               4   N/I        0x0        0x3   .absSeg11
.__absdata__CONFIG__               2   N/I      0x9A4      0x9A5   .absSeg12
.__absdata__PPULSE__               2   N/I      0x9A2      0x9A3   .absSeg13
.__absdata__TICKRATE__             2   N/I      0x9A0      0x9A1   .absSeg14
.__absdata__CAN0TXTSR__            2   N/I      0x83E      0x83F   .absSeg15
.__absdata__CAN0RXTSR__            2   N/I      0x82E      0x82F   .absSeg16
.__absdata__SPI1DR__               2   N/I      0x794      0x795   .absSeg17
.__absdata__SPI0DR__               2   N/I      0x784      0x785   .absSeg18
.__absdata__SCI1BD__               2   N/I      0x710      0x711   .absSeg19
.__absdata__SCI0BD__               2   N/I      0x700      0x701   .absSeg20
.__absdata__CPMUIRCTRIM__          2   N/I      0x6D8      0x6D9   .absSeg21
.__absdata__CPMUAPIR__             2   N/I      0x6D4      0x6D5   .absSeg22
.__absdata__ADC0IMDRI__            2   N/I      0x60E      0x60F   .absSeg23
.__absdata__ADC0CONIF__            2   N/I      0x60C      0x60D   .absSeg24
.__absdata__ADC0CONIE__            2   N/I      0x60A      0x60B   .absSeg25
.__absdata__ADC0CTL__              2   N/I      0x600      0x601   .absSeg26
.__absdata__TIM0PACNT__            2   N/I      0x5E2      0x5E3   .absSeg27
.__absdata__TIM0TC7__              2   N/I      0x5DE      0x5DF   .absSeg28
.__absdata__TIM0TC6__              2   N/I      0x5DC      0x5DD   .absSeg29
.__absdata__TIM0TC5__              2   N/I      0x5DA      0x5DB   .absSeg30
.__absdata__TIM0TC4__              2   N/I      0x5D8      0x5D9   .absSeg31
.__absdata__TIM0TC3__              2   N/I      0x5D6      0x5D7   .absSeg32
.__absdata__TIM0TC2__              2   N/I      0x5D4      0x5D5   .absSeg33
.__absdata__TIM0TC1__              2   N/I      0x5D2      0x5D3   .absSeg34
.__absdata__TIM0TC0__              2   N/I      0x5D0      0x5D1   .absSeg35
.__absdata__TIM0TCNT__             2   N/I      0x5C4      0x5C5   .absSeg36
.__absdata__PWM1DTY67__            2   N/I      0x522      0x523   .absSeg37
.__absdata__PWM1DTY45__            2   N/I      0x520      0x521   .absSeg38
.__absdata__PWM1DTY23__            2   N/I      0x51E      0x51F   .absSeg39
.__absdata__PWM1DTY01__            2   N/I      0x51C      0x51D   .absSeg40
.__absdata__PWM1PER67__            2   N/I      0x51A      0x51B   .absSeg41
.__absdata__PWM1PER45__            2   N/I      0x518      0x519   .absSeg42
.__absdata__PWM1PER23__            2   N/I      0x516      0x517   .absSeg43
.__absdata__PWM1PER01__            2   N/I      0x514      0x515   .absSeg44
.__absdata__PWM1CNT67__            2   N/I      0x512      0x513   .absSeg45
.__absdata__PWM1CNT45__            2   N/I      0x510      0x511   .absSeg46
.__absdata__PWM1CNT23__            2   N/I      0x50E      0x50F   .absSeg47
.__absdata__PWM1CNT01__            2   N/I      0x50C      0x50D   .absSeg48
.__absdata__PWM0DTY67__            2   N/I      0x4A2      0x4A3   .absSeg49
.__absdata__PWM0DTY45__            2   N/I      0x4A0      0x4A1   .absSeg50
.__absdata__PWM0DTY23__            2   N/I      0x49E      0x49F   .absSeg51
.__absdata__PWM0DTY01__            2   N/I      0x49C      0x49D   .absSeg52
.__absdata__PWM0PER67__            2   N/I      0x49A      0x49B   .absSeg53
.__absdata__PWM0PER45__            2   N/I      0x498      0x499   .absSeg54
.__absdata__PWM0PER23__            2   N/I      0x496      0x497   .absSeg55
.__absdata__PWM0PER01__            2   N/I      0x494      0x495   .absSeg56
.__absdata__PWM0CNT67__            2   N/I      0x492      0x493   .absSeg57
.__absdata__PWM0CNT45__            2   N/I      0x490      0x491   .absSeg58
.__absdata__PWM0CNT23__            2   N/I      0x48E      0x48F   .absSeg59
.__absdata__PWM0CNT01__            2   N/I      0x48C      0x48D   .absSeg60
.__absdata__TIM1TC3__              2   N/I      0x416      0x417   .absSeg61
.__absdata__TIM1TC2__              2   N/I      0x414      0x415   .absSeg62
.__absdata__TIM1TC1__              2   N/I      0x412      0x413   .absSeg63
.__absdata__TIM1TC0__              2   N/I      0x410      0x411   .absSeg64
.__absdata__TIM1TCNT__             2   N/I      0x404      0x405   .absSeg65
.__absdata__ECCDD__                2   N/I      0x3CC      0x3CD   .absSeg66
.__absdata__FCCOB5__               2   N/I      0x396      0x397   .absSeg67
.__absdata__FCCOB4__               2   N/I      0x394      0x395   .absSeg68
.__absdata__FCCOB3__               2   N/I      0x392      0x393   .absSeg69
.__absdata__FCCOB2__               2   N/I      0x390      0x391   .absSeg70
.__absdata__FCCOB1__               2   N/I      0x38E      0x38F   .absSeg71
.__absdata__FCCOB0__               2   N/I      0x38C      0x38D   .absSeg72
.__absdata__DIENAD__               2   N/I      0x298      0x299   .absSeg73
.__absdata__PIFAD__                2   N/I      0x28E      0x28F   .absSeg74
.__absdata__PIEAD__                2   N/I      0x28C      0x28D   .absSeg75
.__absdata__PPSAD__                2   N/I      0x288      0x289   .absSeg76
.__absdata__PERAD__                2   N/I      0x286      0x287   .absSeg77
.__absdata__DDRAD__                2   N/I      0x284      0x285   .absSeg78
.__absdata__PTIAD__                2   N/I      0x282      0x283   .absSeg79
.__absdata__PTAD__                 2   N/I      0x280      0x281   .absSeg80
.__absdata__MMCCCR__               2   N/I       0x82       0x83   .absSeg81
.__absdata__MMCEC__                2   N/I       0x80       0x81   .absSeg82
.__absdata__IVBR__                 2   N/I       0x10       0x11   .absSeg83
.__absdata__INTFLG__               1   N/I      0x9A7      0x9A7   .absSeg84
.__absdata__INTEN__                1   N/I      0x9A6      0x9A6   .absSeg85
.__absdata__CP0IF__                1   N/I      0x997      0x997   .absSeg86
.__absdata__CP0IE__                1   N/I      0x996      0x996   .absSeg87
.__absdata__CP0SR__                1   N/I      0x993      0x993   .absSeg88
.__absdata__CP0CR__                1   N/I      0x991      0x991   .absSeg89
.__absdata__CP0DR__                1   N/I      0x990      0x990   .absSeg90
.__absdata__CAN0TXTBPR__           1   N/I      0x83D      0x83D   .absSeg91
.__absdata__CAN0TXDLR__            1   N/I      0x83C      0x83C   .absSeg92
.__absdata__CAN0TXDSR7__           1   N/I      0x83B      0x83B   .absSeg93
.__absdata__CAN0TXDSR6__           1   N/I      0x83A      0x83A   .absSeg94
.__absdata__CAN0TXDSR5__           1   N/I      0x839      0x839   .absSeg95
.__absdata__CAN0TXDSR4__           1   N/I      0x838      0x838   .absSeg96
.__absdata__CAN0TXDSR3__           1   N/I      0x837      0x837   .absSeg97
.__absdata__CAN0TXDSR2__           1   N/I      0x836      0x836   .absSeg98
.__absdata__CAN0TXDSR1__           1   N/I      0x835      0x835   .absSeg99
.__absdata__CAN0TXDSR0__           1   N/I      0x834      0x834   .absSeg100
.__absdata__CAN0TXIDR3__           1   N/I      0x833      0x833   .absSeg101
.__absdata__CAN0TXIDR2__           1   N/I      0x832      0x832   .absSeg102
.__absdata__CAN0TXIDR1__           1   N/I      0x831      0x831   .absSeg103
.__absdata__CAN0TXIDR0__           1   N/I      0x830      0x830   .absSeg104
.__absdata__CAN0RXDLR__            1   N/I      0x82C      0x82C   .absSeg105
.__absdata__CAN0RXDSR7__           1   N/I      0x82B      0x82B   .absSeg106
.__absdata__CAN0RXDSR6__           1   N/I      0x82A      0x82A   .absSeg107
.__absdata__CAN0RXDSR5__           1   N/I      0x829      0x829   .absSeg108
.__absdata__CAN0RXDSR4__           1   N/I      0x828      0x828   .absSeg109
.__absdata__CAN0RXDSR3__           1   N/I      0x827      0x827   .absSeg110
.__absdata__CAN0RXDSR2__           1   N/I      0x826      0x826   .absSeg111
.__absdata__CAN0RXDSR1__           1   N/I      0x825      0x825   .absSeg112
.__absdata__CAN0RXDSR0__           1   N/I      0x824      0x824   .absSeg113
.__absdata__CAN0RXIDR3__           1   N/I      0x823      0x823   .absSeg114
.__absdata__CAN0RXIDR2__           1   N/I      0x822      0x822   .absSeg115
.__absdata__CAN0RXIDR1__           1   N/I      0x821      0x821   .absSeg116
.__absdata__CAN0RXIDR0__           1   N/I      0x820      0x820   .absSeg117
.__absdata__CAN0IDMR7__            1   N/I      0x81F      0x81F   .absSeg118
.__absdata__CAN0IDMR6__            1   N/I      0x81E      0x81E   .absSeg119
.__absdata__CAN0IDMR5__            1   N/I      0x81D      0x81D   .absSeg120
.__absdata__CAN0IDMR4__            1   N/I      0x81C      0x81C   .absSeg121
.__absdata__CAN0IDAR7__            1   N/I      0x81B      0x81B   .absSeg122
.__absdata__CAN0IDAR6__            1   N/I      0x81A      0x81A   .absSeg123
.__absdata__CAN0IDAR5__            1   N/I      0x819      0x819   .absSeg124
.__absdata__CAN0IDAR4__            1   N/I      0x818      0x818   .absSeg125
.__absdata__CAN0IDMR3__            1   N/I      0x817      0x817   .absSeg126
.__absdata__CAN0IDMR2__            1   N/I      0x816      0x816   .absSeg127
.__absdata__CAN0IDMR1__            1   N/I      0x815      0x815   .absSeg128
.__absdata__CAN0IDMR0__            1   N/I      0x814      0x814   .absSeg129
.__absdata__CAN0IDAR3__            1   N/I      0x813      0x813   .absSeg130
.__absdata__CAN0IDAR2__            1   N/I      0x812      0x812   .absSeg131
.__absdata__CAN0IDAR1__            1   N/I      0x811      0x811   .absSeg132
.__absdata__CAN0IDAR0__            1   N/I      0x810      0x810   .absSeg133
.__absdata__CAN0TXERR__            1   N/I      0x80F      0x80F   .absSeg134
.__absdata__CAN0RXERR__            1   N/I      0x80E      0x80E   .absSeg135
.__absdata__CAN0MISC__             1   N/I      0x80D      0x80D   .absSeg136
.__absdata__CAN0IDAC__             1   N/I      0x80B      0x80B   .absSeg137
.__absdata__CAN0TBSEL__            1   N/I      0x80A      0x80A   .absSeg138
.__absdata__CAN0TAAK__             1   N/I      0x809      0x809   .absSeg139
.__absdata__CAN0TARQ__             1   N/I      0x808      0x808   .absSeg140
.__absdata__CAN0TIER__             1   N/I      0x807      0x807   .absSeg141
.__absdata__CAN0TFLG__             1   N/I      0x806      0x806   .absSeg142
.__absdata__CAN0RIER__             1   N/I      0x805      0x805   .absSeg143
.__absdata__CAN0RFLG__             1   N/I      0x804      0x804   .absSeg144
.__absdata__CAN0BTR1__             1   N/I      0x803      0x803   .absSeg145
.__absdata__CAN0BTR0__             1   N/I      0x802      0x802   .absSeg146
.__absdata__CAN0CTL1__             1   N/I      0x801      0x801   .absSeg147
.__absdata__CAN0CTL0__             1   N/I      0x800      0x800   .absSeg148
.__absdata__IIC0IBCR2__            1   N/I      0x7C5      0x7C5   .absSeg149
.__absdata__IIC0IBDR__             1   N/I      0x7C4      0x7C4   .absSeg150
.__absdata__IIC0IBSR__             1   N/I      0x7C3      0x7C3   .absSeg151
.__absdata__IIC0IBCR__             1   N/I      0x7C2      0x7C2   .absSeg152
.__absdata__IIC0IBFD__             1   N/I      0x7C1      0x7C1   .absSeg153
.__absdata__IIC0IBAD__             1   N/I      0x7C0      0x7C0   .absSeg154
.__absdata__SPI1SR__               1   N/I      0x793      0x793   .absSeg155
.__absdata__SPI1BR__               1   N/I      0x792      0x792   .absSeg156
.__absdata__SPI1CR2__              1   N/I      0x791      0x791   .absSeg157
.__absdata__SPI1CR1__              1   N/I      0x790      0x790   .absSeg158
.__absdata__SPI0SR__               1   N/I      0x783      0x783   .absSeg159
.__absdata__SPI0BR__               1   N/I      0x782      0x782   .absSeg160
.__absdata__SPI0CR2__              1   N/I      0x781      0x781   .absSeg161
.__absdata__SPI0CR1__              1   N/I      0x780      0x780   .absSeg162
.__absdata__SCI1DRL__              1   N/I      0x717      0x717   .absSeg163
.__absdata__SCI1DRH__              1   N/I      0x716      0x716   .absSeg164
.__absdata__SCI1SR2__              1   N/I      0x715      0x715   .absSeg165
.__absdata__SCI1SR1__              1   N/I      0x714      0x714   .absSeg166
.__absdata__SCI1CR2__              1   N/I      0x713      0x713   .absSeg167
.__absdata__SCI1ACR2__             1   N/I      0x712      0x712   .absSeg168
.__absdata__SCI0DRL__              1   N/I      0x707      0x707   .absSeg169
.__absdata__SCI0DRH__              1   N/I      0x706      0x706   .absSeg170
.__absdata__SCI0SR2__              1   N/I      0x705      0x705   .absSeg171
.__absdata__SCI0SR1__              1   N/I      0x704      0x704   .absSeg172
.__absdata__SCI0CR2__              1   N/I      0x703      0x703   .absSeg173
.__absdata__SCI0ACR2__             1   N/I      0x702      0x702   .absSeg174
.__absdata__BATIF__                1   N/I      0x6F3      0x6F3   .absSeg175
.__absdata__BATIE__                1   N/I      0x6F2      0x6F2   .absSeg176
.__absdata__BATSR__                1   N/I      0x6F1      0x6F1   .absSeg177
.__absdata__BATE__                 1   N/I      0x6F0      0x6F0   .absSeg178
.__absdata__CPMUOSC2__             1   N/I      0x6DE      0x6DE   .absSeg179
.__absdata__CPMUVREGCTL__          1   N/I      0x6DD      0x6DD   .absSeg180
.__absdata__CPMUPROT__             1   N/I      0x6DB      0x6DB   .absSeg181
.__absdata__CPMUOSC__              1   N/I      0x6DA      0x6DA   .absSeg182
.__absdata__CPMUHTTR__             1   N/I      0x6D7      0x6D7   .absSeg183
.__absdata__CPMUACLKTR__           1   N/I      0x6D3      0x6D3   .absSeg184
.__absdata__CPMUAPICTL__           1   N/I      0x6D2      0x6D2   .absSeg185
.__absdata__CPMULVCTL__            1   N/I      0x6D1      0x6D1   .absSeg186
.__absdata__CPMUHTCTL__            1   N/I      0x6D0      0x6D0   .absSeg187
.__absdata__CPMUARMCOP__           1   N/I      0x6CF      0x6CF   .absSeg188
.__absdata__CPMUCOP__              1   N/I      0x6CC      0x6CC   .absSeg189
.__absdata__CPMURTI__              1   N/I      0x6CB      0x6CB   .absSeg190
.__absdata__CPMUPLL__              1   N/I      0x6CA      0x6CA   .absSeg191
.__absdata__CPMUCLKS__             1   N/I      0x6C9      0x6C9   .absSeg192
.__absdata__CPMUINT__              1   N/I      0x6C8      0x6C8   .absSeg193
.__absdata__CPMUIFLG__             1   N/I      0x6C7      0x6C7   .absSeg194
.__absdata__CPMUPOSTDIV__          1   N/I      0x6C6      0x6C6   .absSeg195
.__absdata__CPMUREFDIV__           1   N/I      0x6C5      0x6C5   .absSeg196
.__absdata__CPMUSYNR__             1   N/I      0x6C4      0x6C4   .absSeg197
.__absdata__CPMURFLG__             1   N/I      0x6C3      0x6C3   .absSeg198
.__absdata__ADC0CROFF1__           1   N/I      0x625      0x625   .absSeg199
.__absdata__ADC0CROFF0__           1   N/I      0x624      0x624   .absSeg200
.__absdata__ADC0RBP_2__            1   N/I      0x623      0x623   .absSeg201
.__absdata__ADC0RBP_1__            1   N/I      0x622      0x622   .absSeg202
.__absdata__ADC0RBP_0__            1   N/I      0x621      0x621   .absSeg203
.__absdata__ADC0RIDX__             1   N/I      0x620      0x620   .absSeg204
.__absdata__ADC0CBP_2__            1   N/I      0x61F      0x61F   .absSeg205
.__absdata__ADC0CBP_1__            1   N/I      0x61E      0x61E   .absSeg206
.__absdata__ADC0CBP_0__            1   N/I      0x61D      0x61D   .absSeg207
.__absdata__ADC0CIDX__             1   N/I      0x61C      0x61C   .absSeg208
.__absdata__ADC0EOLRI__            1   N/I      0x610      0x610   .absSeg209
.__absdata__ADC0IF__               1   N/I      0x609      0x609   .absSeg210
.__absdata__ADC0EIF__              1   N/I      0x608      0x608   .absSeg211
.__absdata__ADC0IE__               1   N/I      0x607      0x607   .absSeg212
.__absdata__ADC0EIE__              1   N/I      0x606      0x606   .absSeg213
.__absdata__ADC0FLWCTL__           1   N/I      0x605      0x605   .absSeg214
.__absdata__ADC0FMT__              1   N/I      0x604      0x604   .absSeg215
.__absdata__ADC0TIM__              1   N/I      0x603      0x603   .absSeg216
.__absdata__ADC0STS__              1   N/I      0x602      0x602   .absSeg217
.__absdata__TIM0PTPSR__            1   N/I      0x5EE      0x5EE   .absSeg218
.__absdata__TIM0OCPD__             1   N/I      0x5EC      0x5EC   .absSeg219
.__absdata__TIM0PAFLG__            1   N/I      0x5E1      0x5E1   .absSeg220
.__absdata__TIM0PACTL__            1   N/I      0x5E0      0x5E0   .absSeg221
.__absdata__TIM0TFLG2__            1   N/I      0x5CF      0x5CF   .absSeg222
.__absdata__TIM0TFLG1__            1   N/I      0x5CE      0x5CE   .absSeg223
.__absdata__TIM0TSCR2__            1   N/I      0x5CD      0x5CD   .absSeg224
.__absdata__TIM0TIE__              1   N/I      0x5CC      0x5CC   .absSeg225
.__absdata__TIM0TCTL4__            1   N/I      0x5CB      0x5CB   .absSeg226
.__absdata__TIM0TCTL3__            1   N/I      0x5CA      0x5CA   .absSeg227
.__absdata__TIM0TCTL2__            1   N/I      0x5C9      0x5C9   .absSeg228
.__absdata__TIM0TCTL1__            1   N/I      0x5C8      0x5C8   .absSeg229
.__absdata__TIM0TTOV__             1   N/I      0x5C7      0x5C7   .absSeg230
.__absdata__TIM0TSCR1__            1   N/I      0x5C6      0x5C6   .absSeg231
.__absdata__TIM0OC7D__             1   N/I      0x5C3      0x5C3   .absSeg232
.__absdata__TIM0OC7M__             1   N/I      0x5C2      0x5C2   .absSeg233
.__absdata__TIM0CFORC__            1   N/I      0x5C1      0x5C1   .absSeg234
.__absdata__TIM0TIOS__             1   N/I      0x5C0      0x5C0   .absSeg235
.__absdata__PWM1SCLB__             1   N/I      0x509      0x509   .absSeg236
.__absdata__PWM1SCLA__             1   N/I      0x508      0x508   .absSeg237
.__absdata__PWM1CLKAB__            1   N/I      0x506      0x506   .absSeg238
.__absdata__PWM1CTL__              1   N/I      0x505      0x505   .absSeg239
.__absdata__PWM1CAE__              1   N/I      0x504      0x504   .absSeg240
.__absdata__PWM1PRCLK__            1   N/I      0x503      0x503   .absSeg241
.__absdata__PWM1CLK__              1   N/I      0x502      0x502   .absSeg242
.__absdata__PWM1POL__              1   N/I      0x501      0x501   .absSeg243
.__absdata__PWM1E__                1   N/I      0x500      0x500   .absSeg244
.__absdata__PWM0SCLB__             1   N/I      0x489      0x489   .absSeg245
.__absdata__PWM0SCLA__             1   N/I      0x488      0x488   .absSeg246
.__absdata__PWM0CLKAB__            1   N/I      0x486      0x486   .absSeg247
.__absdata__PWM0CTL__              1   N/I      0x485      0x485   .absSeg248
.__absdata__PWM0CAE__              1   N/I      0x484      0x484   .absSeg249
.__absdata__PWM0PRCLK__            1   N/I      0x483      0x483   .absSeg250
.__absdata__PWM0CLK__              1   N/I      0x482      0x482   .absSeg251
.__absdata__PWM0POL__              1   N/I      0x481      0x481   .absSeg252
.__absdata__PWM0E__                1   N/I      0x480      0x480   .absSeg253
.__absdata__TIM1PTPSR__            1   N/I      0x42E      0x42E   .absSeg254
.__absdata__TIM1OCPD__             1   N/I      0x42C      0x42C   .absSeg255
.__absdata__TIM1TFLG2__            1   N/I      0x40F      0x40F   .absSeg256
.__absdata__TIM1TFLG1__            1   N/I      0x40E      0x40E   .absSeg257
.__absdata__TIM1TSCR2__            1   N/I      0x40D      0x40D   .absSeg258
.__absdata__TIM1TIE__              1   N/I      0x40C      0x40C   .absSeg259
.__absdata__TIM1TCTL4__            1   N/I      0x40B      0x40B   .absSeg260
.__absdata__TIM1TCTL2__            1   N/I      0x409      0x409   .absSeg261
.__absdata__TIM1TTOV__             1   N/I      0x407      0x407   .absSeg262
.__absdata__TIM1TSCR1__            1   N/I      0x406      0x406   .absSeg263
.__absdata__TIM1CFORC__            1   N/I      0x401      0x401   .absSeg264
.__absdata__TIM1TIOS__             1   N/I      0x400      0x400   .absSeg265
.__absdata__ECCDCMD__              1   N/I      0x3CF      0x3CF   .absSeg266
.__absdata__ECCDE__                1   N/I      0x3CE      0x3CE   .absSeg267
.__absdata__ECCDPTRL__             1   N/I      0x3C9      0x3C9   .absSeg268
.__absdata__ECCDPTRM__             1   N/I      0x3C8      0x3C8   .absSeg269
.__absdata__ECCDPTRH__             1   N/I      0x3C7      0x3C7   .absSeg270
.__absdata__ECCIF__                1   N/I      0x3C2      0x3C2   .absSeg271
.__absdata__ECCIE__                1   N/I      0x3C1      0x3C1   .absSeg272
.__absdata__ECCSTAT__              1   N/I      0x3C0      0x3C0   .absSeg273
.__absdata__FOPT__                 1   N/I      0x38A      0x38A   .absSeg274
.__absdata__DFPROT__               1   N/I      0x389      0x389   .absSeg275
.__absdata__FPROT__                1   N/I      0x388      0x388   .absSeg276
.__absdata__FERSTAT__              1   N/I      0x387      0x387   .absSeg277
.__absdata__FSTAT__                1   N/I      0x386      0x386   .absSeg278
.__absdata__FERCNFG__              1   N/I      0x385      0x385   .absSeg279
.__absdata__FCNFG__                1   N/I      0x384      0x384   .absSeg280
.__absdata__FPSTAT__               1   N/I      0x383      0x383   .absSeg281
.__absdata__FCCOBIX__              1   N/I      0x382      0x382   .absSeg282
.__absdata__FSEC__                 1   N/I      0x381      0x381   .absSeg283
.__absdata__FCLKDIV__              1   N/I      0x380      0x380   .absSeg284
.__absdata__PTTEL__                1   N/I      0x33F      0x33F   .absSeg285
.__absdata__PIRL__                 1   N/I      0x33E      0x33E   .absSeg286
.__absdata__PTAENL__               1   N/I      0x33D      0x33D   .absSeg287
.__absdata__DIENL__                1   N/I      0x33C      0x33C   .absSeg288
.__absdata__PTADIRL__              1   N/I      0x33B      0x33B   .absSeg289
.__absdata__PTABYPL__              1   N/I      0x33A      0x33A   .absSeg290
.__absdata__PIFL__                 1   N/I      0x337      0x337   .absSeg291
.__absdata__PIEL__                 1   N/I      0x336      0x336   .absSeg292
.__absdata__PPSL__                 1   N/I      0x334      0x334   .absSeg293
.__absdata__PTPSL__                1   N/I      0x333      0x333   .absSeg294
.__absdata__PTIL__                 1   N/I      0x331      0x331   .absSeg295
.__absdata__WOMJ__                 1   N/I      0x31F      0x31F   .absSeg296
.__absdata__PPSJ__                 1   N/I      0x314      0x314   .absSeg297
.__absdata__PERJ__                 1   N/I      0x313      0x313   .absSeg298
.__absdata__DDRJ__                 1   N/I      0x312      0x312   .absSeg299
.__absdata__PTIJ__                 1   N/I      0x311      0x311   .absSeg300
.__absdata__PTJ__                  1   N/I      0x310      0x310   .absSeg301
.__absdata__RDRP__                 1   N/I      0x2FD      0x2FD   .absSeg302
.__absdata__OCIFP__                1   N/I      0x2FB      0x2FB   .absSeg303
.__absdata__OCIEP__                1   N/I      0x2FA      0x2FA   .absSeg304
.__absdata__OCPEP__                1   N/I      0x2F9      0x2F9   .absSeg305
.__absdata__PIFP__                 1   N/I      0x2F7      0x2F7   .absSeg306
.__absdata__PIEP__                 1   N/I      0x2F6      0x2F6   .absSeg307
.__absdata__PPSP__                 1   N/I      0x2F4      0x2F4   .absSeg308
.__absdata__PERP__                 1   N/I      0x2F3      0x2F3   .absSeg309
.__absdata__DDRP__                 1   N/I      0x2F2      0x2F2   .absSeg310
.__absdata__PTIP__                 1   N/I      0x2F1      0x2F1   .absSeg311
.__absdata__PTP__                  1   N/I      0x2F0      0x2F0   .absSeg312
.__absdata__WOMS__                 1   N/I      0x2DF      0x2DF   .absSeg313
.__absdata__PIFS__                 1   N/I      0x2D7      0x2D7   .absSeg314
.__absdata__PIES__                 1   N/I      0x2D6      0x2D6   .absSeg315
.__absdata__PPSS__                 1   N/I      0x2D4      0x2D4   .absSeg316
.__absdata__PERS__                 1   N/I      0x2D3      0x2D3   .absSeg317
.__absdata__DDRS__                 1   N/I      0x2D2      0x2D2   .absSeg318
.__absdata__PTIS__                 1   N/I      0x2D1      0x2D1   .absSeg319
.__absdata__PTS__                  1   N/I      0x2D0      0x2D0   .absSeg320
.__absdata__PPST__                 1   N/I      0x2C4      0x2C4   .absSeg321
.__absdata__PERT__                 1   N/I      0x2C3      0x2C3   .absSeg322
.__absdata__DDRT__                 1   N/I      0x2C2      0x2C2   .absSeg323
.__absdata__PTIT__                 1   N/I      0x2C1      0x2C1   .absSeg324
.__absdata__PTT__                  1   N/I      0x2C0      0x2C0   .absSeg325
.__absdata__PPSE__                 1   N/I      0x268      0x268   .absSeg326
.__absdata__PERE__                 1   N/I      0x266      0x266   .absSeg327
.__absdata__DDRE__                 1   N/I      0x264      0x264   .absSeg328
.__absdata__PTIE__                 1   N/I      0x262      0x262   .absSeg329
.__absdata__PTE__                  1   N/I      0x260      0x260   .absSeg330
.__absdata__IRQCR__                1   N/I      0x209      0x209   .absSeg331
.__absdata__ECLKCTL__              1   N/I      0x208      0x208   .absSeg332
.__absdata__MODRR3__               1   N/I      0x203      0x203   .absSeg333
.__absdata__MODRR2__               1   N/I      0x202      0x202   .absSeg334
.__absdata__MODRR1__               1   N/I      0x201      0x201   .absSeg335
.__absdata__MODRR0__               1   N/I      0x200      0x200   .absSeg336
.__absdata__DBGDAL__               1   N/I      0x147      0x147   .absSeg337
.__absdata__DBGDAM__               1   N/I      0x146      0x146   .absSeg338
.__absdata__DBGDAH__               1   N/I      0x145      0x145   .absSeg339
.__absdata__DBGDCTL__              1   N/I      0x140      0x140   .absSeg340
.__absdata__DBGBAL__               1   N/I      0x127      0x127   .absSeg341
.__absdata__DBGBAM__               1   N/I      0x126      0x126   .absSeg342
.__absdata__DBGBAH__               1   N/I      0x125      0x125   .absSeg343
.__absdata__DBGBCTL__              1   N/I      0x120      0x120   .absSeg344
.__absdata__DBGADM3__              1   N/I      0x11F      0x11F   .absSeg345
.__absdata__DBGADM2__              1   N/I      0x11E      0x11E   .absSeg346
.__absdata__DBGADM1__              1   N/I      0x11D      0x11D   .absSeg347
.__absdata__DBGADM0__              1   N/I      0x11C      0x11C   .absSeg348
.__absdata__DBGAD3__               1   N/I      0x11B      0x11B   .absSeg349
.__absdata__DBGAD2__               1   N/I      0x11A      0x11A   .absSeg350
.__absdata__DBGAD1__               1   N/I      0x119      0x119   .absSeg351
.__absdata__DBGAD0__               1   N/I      0x118      0x118   .absSeg352
.__absdata__DBGAAL__               1   N/I      0x117      0x117   .absSeg353
.__absdata__DBGAAM__               1   N/I      0x116      0x116   .absSeg354
.__absdata__DBGAAH__               1   N/I      0x115      0x115   .absSeg355
.__absdata__DBGACTL__              1   N/I      0x110      0x110   .absSeg356
.__absdata__DBGSR__                1   N/I      0x10B      0x10B   .absSeg357
.__absdata__DBGEFR__               1   N/I      0x10A      0x10A   .absSeg358
.__absdata__DBGSCR3__              1   N/I      0x109      0x109   .absSeg359
.__absdata__DBGSCR2__              1   N/I      0x108      0x108   .absSeg360
.__absdata__DBGSCR1__              1   N/I      0x107      0x107   .absSeg361
.__absdata__DBGC2__                1   N/I      0x101      0x101   .absSeg362
.__absdata__DBGC1__                1   N/I      0x100      0x100   .absSeg363
.__absdata__MMCPCL__               1   N/I       0x87       0x87   .absSeg364
.__absdata__MMCPCM__               1   N/I       0x86       0x86   .absSeg365
.__absdata__MMCPCH__               1   N/I       0x85       0x85   .absSeg366
.__absdata__MODE__                 1   N/I       0x70       0x70   .absSeg367
.__absdata__INT_CFDATA7__          1   N/I       0x1F       0x1F   .absSeg368
.__absdata__INT_CFDATA6__          1   N/I       0x1E       0x1E   .absSeg369
.__absdata__INT_CFDATA5__          1   N/I       0x1D       0x1D   .absSeg370
.__absdata__INT_CFDATA4__          1   N/I       0x1C       0x1C   .absSeg371
.__absdata__INT_CFDATA3__          1   N/I       0x1B       0x1B   .absSeg372
.__absdata__INT_CFDATA2__          1   N/I       0x1A       0x1A   .absSeg373
.__absdata__INT_CFDATA1__          1   N/I       0x19       0x19   .absSeg374
.__absdata__INT_CFDATA0__          1   N/I       0x18       0x18   .absSeg375
.__absdata__INT_CFADDR__           1   N/I       0x17       0x17   .absSeg376
.__absdata__InterruptVectorTable__        492     R   0xFFFE10   0xFFFFFB   .absSeg377
.__absdata__ResetVectorTable__          4     R   0xFFFFFC   0xFFFFFF   .absSeg378
.common                          334   R/W     0x1014     0x1161   RAM
CANComm_CODE                     778     R   0xFFDF13   0xFFE21C   ROM
CANComm_DATA                       3   R/W     0x1162     0x1164   RAM
CANPHY0_CODE                      35     R   0xFFE21D   0xFFE23F   ROM
Timer_1ms_CODE                    10     R   0xFFE240   0xFFE249   ROM
.stack                           512   R/W     0x1165     0x1364   RAM

Summary of section sizes per section type:
READ_ONLY (R):        2461 (dec:     9313)
READ_WRITE (R/W):      365 (dec:      869)
NO_INIT (N/I):         1D6 (dec:      470)

*********************************************************************************************
VECTOR-ALLOCATION SECTION
    Address     InitValue   InitFunction
---------------------------------------------------------------------------------------------

*********************************************************************************************
OBJECT-ALLOCATION SECTION
     Name               Module                 Addr   hSize   dSize     Ref    Section   RLIB
---------------------------------------------------------------------------------------------
MODULE:                 -- CAN_c.obj --
- PROCEDURES:
     Init_UDS                                FFC24D       5       5       1   .text       
     TASK_UDS                                FFC252       C      12       1   .text       
     ZTai_UDS_Send                           FFC25E      1B      27       4   .text       
     RXMESSAGE                               FFC279      4C      76       1   .text       
     GetTime                                 FFC2C5       4       4       1   .text       
- VARIABLES:
     Time                                      1014       4       4       3   .common     
MODULE:                 -- Events_c.obj --
- PROCEDURES:
     CANComm_OnFreeTxBuffer                  FFC2C9       1       1       1   .text       
     CANComm_OnFullRxBuffer                  FFC2CA       5       5       1   .text       
     CANComm_OnBusOff                        FFC2CF       1       1       1   .text       
     Timer_1ms_OnInterrupt                   FFC2D0       5       5       1   .text       
- VARIABLES:
MODULE:                 -- System_c.obj --
- PROCEDURES:
     Dispatcher                              FFC000       A      10       1   .init       
     Dispatcher_2                            FFC00A      1F      31       1   .init       
     Jump_to_Application                     FFC029      14      20       1   .init       
     Check_Exist_Application                 FFC03D      12      18       3   .init       
     SW_RESET                                FFC04F       E      14       3   .init       
- VARIABLES:
- LABELS:
     __SEG_END_SSTACK                          1365       0       0       2               
MODULE:                 -- main_c.obj --
- PROCEDURES:
     main                                    FFC2D5      33      51       1   .text       
- VARIABLES:
     Tick_1ms                                  1018       1       1       3   .common     
     BootLoader_Version_array                FFFDF0       7       7       1   .__absdata_BootLoader_Version_array__
MODULE:                 -- network_layer_c.obj --
- PROCEDURES:
     nt_timer_start                          FFC308      3F      63       5   .text       
     nt_timer_stop                           FFC347      1F      31       1   .text       
     nt_timer_run                            FFC366      71     113       3   .text       
     nt_timer_chk                            FFC3D7      4D      77       2   .text       
     clear_network                           FFC424      2F      47       7   .text       
     recv_singleframe                        FFC453      69     105       1   .text       
     recv_firstframe                         FFC4BC      9D     157       1   .text       
     recv_consecutiveframe                   FFC559      9F     159       1   .text       
     recv_flowcontrolframe                   FFC5F8      94     148       1   .text       
     send_flowcontrol                        FFC68C      30      48       2   .text       
     send_singleframe                        FFC6BC      56      86       1   .text       
     send_firstframe                         FFC712      77     119       1   .text       
     send_consecutiveframe                   FFC789      78     120       1   .text       
     send_multipleframe                      FFC801      5C      92       1   .text       
     network_main                            FFC85D      AF     175       1   .text       
     network_recv_frame                      FFC90C      F6     246       1   .text       
     network_send_udsmsg                     FFCA02      2F      47      18   .text       
     network_reg_usdata                      FFCA31      29      41       1   .text       
- VARIABLES:
     nwl_st                                    1019       1       1      14   .common     
     g_wait_cf                                 101A       1       1       5   .common     
     g_wait_fc                                 101B       1       1       6   .common     
     nt_timer                                  101C       C      12      14   .common     
     g_rfc_stmin                               1028       1       1       3   .common     
     g_rfc_bs                                  1029       1       1       3   .common     
     g_xcf_bc                                  102A       1       1       5   .common     
     g_xcf_sn                                  102B       1       1       7   .common     
     g_rcf_bc                                  102C       1       1       2   .common     
     g_rcf_sn                                  102D       1       1       7   .common     
     remain_len                                102E       2       2       5   .common     
     remain_pos                                1030       2       2       4   .common     
     recv_len                                  1032       2       2      10   .common     
     recv_fdl                                  1034       2       2       5   .common     
     N_USData                                  1036       9       9      11   .common     
     g_tatype                                  103F       1       1       5   .common     
     recv_buf                                  1040      7F     127       9   .common     
     remain_buf                                10BF      7F     127       2   .common     
     @298                                    FFC084       8       8       1   .rodata     
     @310                                    FFC08C       8       8       1   .rodata     
     @336                                    FFC094       8       8       1   .rodata     
     @363                                    FFC09C       8       8       1   .rodata     
MODULE:                 -- uds_service_c.obj --
- PROCEDURES:
     uds_timer_run                           FFCA5A      71     113       2   .text       
     uds_timer_chk                           FFCACB      28      40       1   .text       
     uds_negative_rsp                        FFCAF3      58      88      28   .text       
     uds_check_len                           FFCB4B     1B7     439       1   .text       
     uds_service_10                          FFCD02      FC     252       1   .text       
     uds_service_11                          FFCDFE      EC     236       1   .text       
     uds_service_27                          FFCEEA     148     328       1   .text       
     uds_service_28                          FFD032      D5     213       1   .text       
     uds_service_3E                          FFD107      62      98       1   .text       
     uds_service_22                          FFD169     15F     351       1   .text       
     uds_service_2E                          FFD2C8     102     258       1   .text       
     uds_service_31                          FFD3CA     1CF     463       1   .text       
     uds_service_36                          FFD599      5C      92       1   .text       
     uds_dataff_indication                   FFD5F5       9       9       1   .text       
     uds_data_indication                     FFD5FE     15E     350       1   .text       
     uds_data_confirm                        FFD75C       D      13       1   .text       
     uds_get_frame                           FFD769      17      23       2   .text       
     uds_main                                FFD780      22      34       1   .text       
     uds_init                                FFD7A2      3E      62       1   .text       
- VARIABLES:
     uds_session                               113E       1       1       8   .common     
     req_seed                                  113F       1       1       3   .common     
     curr_sa                                   1140       1       1       8   .common     
     uds_timer                                 1141       8       8      29   .common     
     uds_fsa_cnt                               1149       1       1       4   .common     
     dis_normal_recv                           114A       1       1       2   .common     
     dis_normal_xmit                           114B       1       1       2   .common     
     ssp_flg                                   114C       1       1      19   .common     
     org_seed_buf                              114D       4       4       4   .common     
     uds_service_list                        FFC0A4      5A      90       7   .rodata     
MODULE:                 -- uds_status_c.obj --
- PROCEDURES:
     seedTOKey                               FFD7E0      46      70       1   .text       
     uds_security_access                     FFD826      31      49       1   .text       
- VARIABLES:
MODULE:                 -- uds_support_c.obj --
- PROCEDURES:
     init_uds_support                        FFD857      2A      42       2   .text       
     rtctrl_nothing                          FFD881       2       2       2   .text       
     rtctrl_eraseApplication                 FFD883       6       6       1   .text       
     uds_ioctrl_allstop                      FFD889       1       1       1   .text       
     uds_load_rwdata                         FFD88A       1       1       1   .text       
- VARIABLES:
     ASC_boot_ver                              1151       8       8       2   .common     
     ASC_soft_ver                              1159       8       8       2   .common     
     rwdata_list                             FFC0FE      18      24       7   .rodata     
     rtctrl_list                             FFC116       C      12       7   .rodata     
MODULE:                 -- uds_util_c.obj --
- PROCEDURES:
     rand_u8                                 FFD88B      1E      30       1   .text       
     can_to_hostl                            FFD8A9      58      88       2   .text       
- VARIABLES:
MODULE:                 -- EEPROM_Control_c.obj --
- PROCEDURES:
     SET_GOTO_BOOTLOADER                     FFD901      12      18       2   .text       
     SET_GOTO_APPLICATION                    FFD913      1E      30       1   .text       
- VARIABLES:
MODULE:                 -- EEPROM_S12Z_c.obj --
- PROCEDURES:
     EEPROM_Erase_Verify_Section             FFD931      6D     109       1   .text       
     EEPROM_Program                          FFD99E      A4     164       1   .text       
     EEPROM_Erase_Sector                     FFDA42      59      89       1   .text       
- VARIABLES:
MODULE:                 -- FLASH_Control_c.obj --
- PROCEDURES:
     FLASH_EraseApplication                  FFDA9B      25      37       1   .text       
     ProgramFlash                            FFDAC0      C5     197       1   .text       
- VARIABLES:
MODULE:                 -- FLASH_S12Z_c.obj --
- PROCEDURES:
     PFLASH_Send_Command                       1000      10      16       3   .data       
     PFLASH_Erase_Verify_Section             FFDB85      6B     107       1   .text       
     PFLASH_Program                          FFDBF0      89     137       5   .text       
     PFLASH_Erase_Sector                     FFDC79      57      87       1   .text       
     PFLASH_EraseSectorBySector              FFDCD0      2B      43       1   .text       
     PFLASH_Init                             FFDCFB      10      16       1   .text       
- VARIABLES:
MODULE:                 -- starts12z_c.obj --
- PROCEDURES:
     DoZeroOut                               FFDD0B      19      25       1   .text       
     DoCopyDown                              FFDD24      15      21       1   .text       
     _Startup                                FFDD39      10      16       1   .text       
- VARIABLES:
     _startupData                            FFC05D       A      10       3   .startData  
MODULE:                 -- CANComm_c.obj --
- PROCEDURES:
     CANComm_SendFrameExt                    FFDF13     18C     396       1   CANComm_CODE
     CANComm_ReadFrame                       FFE09F      F9     249       1   CANComm_CODE
     CANComm_Init                            FFE198      64     100       1   CANComm_CODE
     CANComm_Enable                          FFE1FC      21      33       1   CANComm_CODE
     CANComm_InterruptTx                     FFC122      25      37       1   NON_BANKED  
     CANComm_InterruptRx                     FFC147      4C      76       1   NON_BANKED  
     CANComm_InterruptError                  FFC193      44      68       1   NON_BANKED  
- VARIABLES:
     SerFlag                                   1162       1       1      12   CANComm_DATA
     ErrFlag                                   1163       1       1       8   CANComm_DATA
     EnUser                                    1164       1       1       5   CANComm_DATA
MODULE:                 -- CANPHY0_c.obj --
- PROCEDURES:
     CANPHY0_Init                            FFE21D      23      35       1   CANPHY0_CODE
- VARIABLES:
MODULE:                 -- Cpu_c.obj --
- PROCEDURES:
     Cpu_Interrupt                           FFC1D7       3       3     119   NON_BANKED  
     _EntryPoint                             FFC1DA      69     105       1   NON_BANKED  
     PE_low_level_init                       FFDD49     129     297       1   .text       
- VARIABLES:
     NVDFPROT_INIT                           FFFE0D       1       1       0   .__absdata_NVDFPROT_INIT__
     CCR_reg                                   1161       1       1       3   .common     
MODULE:                 -- IO_Map_c.obj --
- PROCEDURES:
- VARIABLES:
     ADC0RBP                                    621       3       3       0   .__absdata_ADC0RBP__
     ADC0CBP                                    61D       3       3       0   .__absdata_ADC0CBP__
     ECCDPTR                                    3C7       3       3       0   .__absdata_ECCDPTR__
     DBGDA                                      145       3       3       0   .__absdata_DBGDA__
     DBGBA                                      125       3       3       0   .__absdata_DBGBA__
     DBGAA                                      115       3       3       0   .__absdata_DBGAA__
     MMCPC                                       85       3       3       0   .__absdata_MMCPC__
     _TXBUF                                     9A8       4       4       0   .__absdata__TXBUF__
     _ADC0CMD                                   614       4       4       0   .__absdata__ADC0CMD__
     _PARTID                                      0       4       4       0   .__absdata__PARTID__
     _CONFIG                                    9A4       2       2       0   .__absdata__CONFIG__
     _PPULSE                                    9A2       2       2       0   .__absdata__PPULSE__
     _TICKRATE                                  9A0       2       2       0   .__absdata__TICKRATE__
     _CAN0TXTSR                                 83E       2       2       0   .__absdata__CAN0TXTSR__
     _CAN0RXTSR                                 82E       2       2       0   .__absdata__CAN0RXTSR__
     _SPI1DR                                    794       2       2       0   .__absdata__SPI1DR__
     _SPI0DR                                    784       2       2       0   .__absdata__SPI0DR__
     _SCI1BD                                    710       2       2       0   .__absdata__SCI1BD__
     _SCI0BD                                    700       2       2       0   .__absdata__SCI0BD__
     _CPMUIRCTRIM                               6D8       2       2       0   .__absdata__CPMUIRCTRIM__
     _CPMUAPIR                                  6D4       2       2       0   .__absdata__CPMUAPIR__
     _ADC0IMDRI                                 60E       2       2       0   .__absdata__ADC0IMDRI__
     _ADC0CONIF                                 60C       2       2       0   .__absdata__ADC0CONIF__
     _ADC0CONIE                                 60A       2       2       0   .__absdata__ADC0CONIE__
     _ADC0CTL                                   600       2       2       0   .__absdata__ADC0CTL__
     _TIM0PACNT                                 5E2       2       2       0   .__absdata__TIM0PACNT__
     _TIM0TC7                                   5DE       2       2       0   .__absdata__TIM0TC7__
     _TIM0TC6                                   5DC       2       2       0   .__absdata__TIM0TC6__
     _TIM0TC5                                   5DA       2       2       0   .__absdata__TIM0TC5__
     _TIM0TC4                                   5D8       2       2       0   .__absdata__TIM0TC4__
     _TIM0TC3                                   5D6       2       2       0   .__absdata__TIM0TC3__
     _TIM0TC2                                   5D4       2       2       0   .__absdata__TIM0TC2__
     _TIM0TC1                                   5D2       2       2       0   .__absdata__TIM0TC1__
     _TIM0TC0                                   5D0       2       2       0   .__absdata__TIM0TC0__
     _TIM0TCNT                                  5C4       2       2       0   .__absdata__TIM0TCNT__
     _PWM1DTY67                                 522       2       2       0   .__absdata__PWM1DTY67__
     _PWM1DTY45                                 520       2       2       0   .__absdata__PWM1DTY45__
     _PWM1DTY23                                 51E       2       2       0   .__absdata__PWM1DTY23__
     _PWM1DTY01                                 51C       2       2       0   .__absdata__PWM1DTY01__
     _PWM1PER67                                 51A       2       2       0   .__absdata__PWM1PER67__
     _PWM1PER45                                 518       2       2       0   .__absdata__PWM1PER45__
     _PWM1PER23                                 516       2       2       0   .__absdata__PWM1PER23__
     _PWM1PER01                                 514       2       2       0   .__absdata__PWM1PER01__
     _PWM1CNT67                                 512       2       2       0   .__absdata__PWM1CNT67__
     _PWM1CNT45                                 510       2       2       0   .__absdata__PWM1CNT45__
     _PWM1CNT23                                 50E       2       2       0   .__absdata__PWM1CNT23__
     _PWM1CNT01                                 50C       2       2       0   .__absdata__PWM1CNT01__
     _PWM0DTY67                                 4A2       2       2       0   .__absdata__PWM0DTY67__
     _PWM0DTY45                                 4A0       2       2       0   .__absdata__PWM0DTY45__
     _PWM0DTY23                                 49E       2       2       0   .__absdata__PWM0DTY23__
     _PWM0DTY01                                 49C       2       2       0   .__absdata__PWM0DTY01__
     _PWM0PER67                                 49A       2       2       0   .__absdata__PWM0PER67__
     _PWM0PER45                                 498       2       2       0   .__absdata__PWM0PER45__
     _PWM0PER23                                 496       2       2       0   .__absdata__PWM0PER23__
     _PWM0PER01                                 494       2       2       0   .__absdata__PWM0PER01__
     _PWM0CNT67                                 492       2       2       0   .__absdata__PWM0CNT67__
     _PWM0CNT45                                 490       2       2       0   .__absdata__PWM0CNT45__
     _PWM0CNT23                                 48E       2       2       0   .__absdata__PWM0CNT23__
     _PWM0CNT01                                 48C       2       2       0   .__absdata__PWM0CNT01__
     _TIM1TC3                                   416       2       2       0   .__absdata__TIM1TC3__
     _TIM1TC2                                   414       2       2       0   .__absdata__TIM1TC2__
     _TIM1TC1                                   412       2       2       0   .__absdata__TIM1TC1__
     _TIM1TC0                                   410       2       2       0   .__absdata__TIM1TC0__
     _TIM1TCNT                                  404       2       2       0   .__absdata__TIM1TCNT__
     _ECCDD                                     3CC       2       2       0   .__absdata__ECCDD__
     _FCCOB5                                    396       2       2       0   .__absdata__FCCOB5__
     _FCCOB4                                    394       2       2       0   .__absdata__FCCOB4__
     _FCCOB3                                    392       2       2       0   .__absdata__FCCOB3__
     _FCCOB2                                    390       2       2       0   .__absdata__FCCOB2__
     _FCCOB1                                    38E       2       2       0   .__absdata__FCCOB1__
     _FCCOB0                                    38C       2       2       0   .__absdata__FCCOB0__
     _DIENAD                                    298       2       2       0   .__absdata__DIENAD__
     _PIFAD                                     28E       2       2       0   .__absdata__PIFAD__
     _PIEAD                                     28C       2       2       0   .__absdata__PIEAD__
     _PPSAD                                     288       2       2       0   .__absdata__PPSAD__
     _PERAD                                     286       2       2       0   .__absdata__PERAD__
     _DDRAD                                     284       2       2       0   .__absdata__DDRAD__
     _PTIAD                                     282       2       2       0   .__absdata__PTIAD__
     _PTAD                                      280       2       2       0   .__absdata__PTAD__
     _MMCCCR                                     82       2       2       0   .__absdata__MMCCCR__
     _MMCEC                                      80       2       2       0   .__absdata__MMCEC__
     _IVBR                                       10       2       2       0   .__absdata__IVBR__
     _INTFLG                                    9A7       1       1       0   .__absdata__INTFLG__
     _INTEN                                     9A6       1       1       0   .__absdata__INTEN__
     _CP0IF                                     997       1       1       0   .__absdata__CP0IF__
     _CP0IE                                     996       1       1       0   .__absdata__CP0IE__
     _CP0SR                                     993       1       1       0   .__absdata__CP0SR__
     _CP0CR                                     991       1       1       0   .__absdata__CP0CR__
     _CP0DR                                     990       1       1       0   .__absdata__CP0DR__
     _CAN0TXTBPR                                83D       1       1       0   .__absdata__CAN0TXTBPR__
     _CAN0TXDLR                                 83C       1       1       0   .__absdata__CAN0TXDLR__
     _CAN0TXDSR7                                83B       1       1       0   .__absdata__CAN0TXDSR7__
     _CAN0TXDSR6                                83A       1       1       0   .__absdata__CAN0TXDSR6__
     _CAN0TXDSR5                                839       1       1       0   .__absdata__CAN0TXDSR5__
     _CAN0TXDSR4                                838       1       1       0   .__absdata__CAN0TXDSR4__
     _CAN0TXDSR3                                837       1       1       0   .__absdata__CAN0TXDSR3__
     _CAN0TXDSR2                                836       1       1       0   .__absdata__CAN0TXDSR2__
     _CAN0TXDSR1                                835       1       1       0   .__absdata__CAN0TXDSR1__
     _CAN0TXDSR0                                834       1       1       0   .__absdata__CAN0TXDSR0__
     _CAN0TXIDR3                                833       1       1       0   .__absdata__CAN0TXIDR3__
     _CAN0TXIDR2                                832       1       1       0   .__absdata__CAN0TXIDR2__
     _CAN0TXIDR1                                831       1       1       0   .__absdata__CAN0TXIDR1__
     _CAN0TXIDR0                                830       1       1       0   .__absdata__CAN0TXIDR0__
     _CAN0RXDLR                                 82C       1       1       0   .__absdata__CAN0RXDLR__
     _CAN0RXDSR7                                82B       1       1       0   .__absdata__CAN0RXDSR7__
     _CAN0RXDSR6                                82A       1       1       0   .__absdata__CAN0RXDSR6__
     _CAN0RXDSR5                                829       1       1       0   .__absdata__CAN0RXDSR5__
     _CAN0RXDSR4                                828       1       1       0   .__absdata__CAN0RXDSR4__
     _CAN0RXDSR3                                827       1       1       0   .__absdata__CAN0RXDSR3__
     _CAN0RXDSR2                                826       1       1       0   .__absdata__CAN0RXDSR2__
     _CAN0RXDSR1                                825       1       1       0   .__absdata__CAN0RXDSR1__
     _CAN0RXDSR0                                824       1       1       0   .__absdata__CAN0RXDSR0__
     _CAN0RXIDR3                                823       1       1       0   .__absdata__CAN0RXIDR3__
     _CAN0RXIDR2                                822       1       1       0   .__absdata__CAN0RXIDR2__
     _CAN0RXIDR1                                821       1       1       0   .__absdata__CAN0RXIDR1__
     _CAN0RXIDR0                                820       1       1       0   .__absdata__CAN0RXIDR0__
     _CAN0IDMR7                                 81F       1       1       0   .__absdata__CAN0IDMR7__
     _CAN0IDMR6                                 81E       1       1       0   .__absdata__CAN0IDMR6__
     _CAN0IDMR5                                 81D       1       1       0   .__absdata__CAN0IDMR5__
     _CAN0IDMR4                                 81C       1       1       0   .__absdata__CAN0IDMR4__
     _CAN0IDAR7                                 81B       1       1       0   .__absdata__CAN0IDAR7__
     _CAN0IDAR6                                 81A       1       1       0   .__absdata__CAN0IDAR6__
     _CAN0IDAR5                                 819       1       1       0   .__absdata__CAN0IDAR5__
     _CAN0IDAR4                                 818       1       1       0   .__absdata__CAN0IDAR4__
     _CAN0IDMR3                                 817       1       1       0   .__absdata__CAN0IDMR3__
     _CAN0IDMR2                                 816       1       1       0   .__absdata__CAN0IDMR2__
     _CAN0IDMR1                                 815       1       1       0   .__absdata__CAN0IDMR1__
     _CAN0IDMR0                                 814       1       1       0   .__absdata__CAN0IDMR0__
     _CAN0IDAR3                                 813       1       1       0   .__absdata__CAN0IDAR3__
     _CAN0IDAR2                                 812       1       1       0   .__absdata__CAN0IDAR2__
     _CAN0IDAR1                                 811       1       1       0   .__absdata__CAN0IDAR1__
     _CAN0IDAR0                                 810       1       1       0   .__absdata__CAN0IDAR0__
     _CAN0TXERR                                 80F       1       1       0   .__absdata__CAN0TXERR__
     _CAN0RXERR                                 80E       1       1       0   .__absdata__CAN0RXERR__
     _CAN0MISC                                  80D       1       1       0   .__absdata__CAN0MISC__
     _CAN0IDAC                                  80B       1       1       0   .__absdata__CAN0IDAC__
     _CAN0TBSEL                                 80A       1       1       0   .__absdata__CAN0TBSEL__
     _CAN0TAAK                                  809       1       1       0   .__absdata__CAN0TAAK__
     _CAN0TARQ                                  808       1       1       0   .__absdata__CAN0TARQ__
     _CAN0TIER                                  807       1       1       0   .__absdata__CAN0TIER__
     _CAN0TFLG                                  806       1       1       0   .__absdata__CAN0TFLG__
     _CAN0RIER                                  805       1       1       0   .__absdata__CAN0RIER__
     _CAN0RFLG                                  804       1       1       0   .__absdata__CAN0RFLG__
     _CAN0BTR1                                  803       1       1       0   .__absdata__CAN0BTR1__
     _CAN0BTR0                                  802       1       1       0   .__absdata__CAN0BTR0__
     _CAN0CTL1                                  801       1       1       0   .__absdata__CAN0CTL1__
     _CAN0CTL0                                  800       1       1       0   .__absdata__CAN0CTL0__
     _IIC0IBCR2                                 7C5       1       1       0   .__absdata__IIC0IBCR2__
     _IIC0IBDR                                  7C4       1       1       0   .__absdata__IIC0IBDR__
     _IIC0IBSR                                  7C3       1       1       0   .__absdata__IIC0IBSR__
     _IIC0IBCR                                  7C2       1       1       0   .__absdata__IIC0IBCR__
     _IIC0IBFD                                  7C1       1       1       0   .__absdata__IIC0IBFD__
     _IIC0IBAD                                  7C0       1       1       0   .__absdata__IIC0IBAD__
     _SPI1SR                                    793       1       1       0   .__absdata__SPI1SR__
     _SPI1BR                                    792       1       1       0   .__absdata__SPI1BR__
     _SPI1CR2                                   791       1       1       0   .__absdata__SPI1CR2__
     _SPI1CR1                                   790       1       1       0   .__absdata__SPI1CR1__
     _SPI0SR                                    783       1       1       0   .__absdata__SPI0SR__
     _SPI0BR                                    782       1       1       0   .__absdata__SPI0BR__
     _SPI0CR2                                   781       1       1       0   .__absdata__SPI0CR2__
     _SPI0CR1                                   780       1       1       0   .__absdata__SPI0CR1__
     _SCI1DRL                                   717       1       1       0   .__absdata__SCI1DRL__
     _SCI1DRH                                   716       1       1       0   .__absdata__SCI1DRH__
     _SCI1SR2                                   715       1       1       0   .__absdata__SCI1SR2__
     _SCI1SR1                                   714       1       1       0   .__absdata__SCI1SR1__
     _SCI1CR2                                   713       1       1       0   .__absdata__SCI1CR2__
     _SCI1ACR2                                  712       1       1       0   .__absdata__SCI1ACR2__
     _SCI0DRL                                   707       1       1       0   .__absdata__SCI0DRL__
     _SCI0DRH                                   706       1       1       0   .__absdata__SCI0DRH__
     _SCI0SR2                                   705       1       1       0   .__absdata__SCI0SR2__
     _SCI0SR1                                   704       1       1       0   .__absdata__SCI0SR1__
     _SCI0CR2                                   703       1       1       0   .__absdata__SCI0CR2__
     _SCI0ACR2                                  702       1       1       0   .__absdata__SCI0ACR2__
     _BATIF                                     6F3       1       1       0   .__absdata__BATIF__
     _BATIE                                     6F2       1       1       0   .__absdata__BATIE__
     _BATSR                                     6F1       1       1       0   .__absdata__BATSR__
     _BATE                                      6F0       1       1       0   .__absdata__BATE__
     _CPMUOSC2                                  6DE       1       1       0   .__absdata__CPMUOSC2__
     _CPMUVREGCTL                               6DD       1       1       0   .__absdata__CPMUVREGCTL__
     _CPMUPROT                                  6DB       1       1       0   .__absdata__CPMUPROT__
     _CPMUOSC                                   6DA       1       1       0   .__absdata__CPMUOSC__
     _CPMUHTTR                                  6D7       1       1       0   .__absdata__CPMUHTTR__
     _CPMUACLKTR                                6D3       1       1       0   .__absdata__CPMUACLKTR__
     _CPMUAPICTL                                6D2       1       1       0   .__absdata__CPMUAPICTL__
     _CPMULVCTL                                 6D1       1       1       0   .__absdata__CPMULVCTL__
     _CPMUHTCTL                                 6D0       1       1       0   .__absdata__CPMUHTCTL__
     _CPMUARMCOP                                6CF       1       1       0   .__absdata__CPMUARMCOP__
     _CPMUCOP                                   6CC       1       1       0   .__absdata__CPMUCOP__
     _CPMURTI                                   6CB       1       1       0   .__absdata__CPMURTI__
     _CPMUPLL                                   6CA       1       1       0   .__absdata__CPMUPLL__
     _CPMUCLKS                                  6C9       1       1       0   .__absdata__CPMUCLKS__
     _CPMUINT                                   6C8       1       1       0   .__absdata__CPMUINT__
     _CPMUIFLG                                  6C7       1       1       0   .__absdata__CPMUIFLG__
     _CPMUPOSTDIV                               6C6       1       1       0   .__absdata__CPMUPOSTDIV__
     _CPMUREFDIV                                6C5       1       1       0   .__absdata__CPMUREFDIV__
     _CPMUSYNR                                  6C4       1       1       0   .__absdata__CPMUSYNR__
     _CPMURFLG                                  6C3       1       1       0   .__absdata__CPMURFLG__
     _ADC0CROFF1                                625       1       1       0   .__absdata__ADC0CROFF1__
     _ADC0CROFF0                                624       1       1       0   .__absdata__ADC0CROFF0__
     _ADC0RBP_2                                 623       1       1       0   .__absdata__ADC0RBP_2__
     _ADC0RBP_1                                 622       1       1       0   .__absdata__ADC0RBP_1__
     _ADC0RBP_0                                 621       1       1       0   .__absdata__ADC0RBP_0__
     _ADC0RIDX                                  620       1       1       0   .__absdata__ADC0RIDX__
     _ADC0CBP_2                                 61F       1       1       0   .__absdata__ADC0CBP_2__
     _ADC0CBP_1                                 61E       1       1       0   .__absdata__ADC0CBP_1__
     _ADC0CBP_0                                 61D       1       1       0   .__absdata__ADC0CBP_0__
     _ADC0CIDX                                  61C       1       1       0   .__absdata__ADC0CIDX__
     _ADC0EOLRI                                 610       1       1       0   .__absdata__ADC0EOLRI__
     _ADC0IF                                    609       1       1       0   .__absdata__ADC0IF__
     _ADC0EIF                                   608       1       1       0   .__absdata__ADC0EIF__
     _ADC0IE                                    607       1       1       0   .__absdata__ADC0IE__
     _ADC0EIE                                   606       1       1       0   .__absdata__ADC0EIE__
     _ADC0FLWCTL                                605       1       1       0   .__absdata__ADC0FLWCTL__
     _ADC0FMT                                   604       1       1       0   .__absdata__ADC0FMT__
     _ADC0TIM                                   603       1       1       0   .__absdata__ADC0TIM__
     _ADC0STS                                   602       1       1       0   .__absdata__ADC0STS__
     _TIM0PTPSR                                 5EE       1       1       0   .__absdata__TIM0PTPSR__
     _TIM0OCPD                                  5EC       1       1       0   .__absdata__TIM0OCPD__
     _TIM0PAFLG                                 5E1       1       1       0   .__absdata__TIM0PAFLG__
     _TIM0PACTL                                 5E0       1       1       0   .__absdata__TIM0PACTL__
     _TIM0TFLG2                                 5CF       1       1       0   .__absdata__TIM0TFLG2__
     _TIM0TFLG1                                 5CE       1       1       0   .__absdata__TIM0TFLG1__
     _TIM0TSCR2                                 5CD       1       1       0   .__absdata__TIM0TSCR2__
     _TIM0TIE                                   5CC       1       1       0   .__absdata__TIM0TIE__
     _TIM0TCTL4                                 5CB       1       1       0   .__absdata__TIM0TCTL4__
     _TIM0TCTL3                                 5CA       1       1       0   .__absdata__TIM0TCTL3__
     _TIM0TCTL2                                 5C9       1       1       0   .__absdata__TIM0TCTL2__
     _TIM0TCTL1                                 5C8       1       1       0   .__absdata__TIM0TCTL1__
     _TIM0TTOV                                  5C7       1       1       0   .__absdata__TIM0TTOV__
     _TIM0TSCR1                                 5C6       1       1       0   .__absdata__TIM0TSCR1__
     _TIM0OC7D                                  5C3       1       1       0   .__absdata__TIM0OC7D__
     _TIM0OC7M                                  5C2       1       1       0   .__absdata__TIM0OC7M__
     _TIM0CFORC                                 5C1       1       1       0   .__absdata__TIM0CFORC__
     _TIM0TIOS                                  5C0       1       1       0   .__absdata__TIM0TIOS__
     _PWM1SCLB                                  509       1       1       0   .__absdata__PWM1SCLB__
     _PWM1SCLA                                  508       1       1       0   .__absdata__PWM1SCLA__
     _PWM1CLKAB                                 506       1       1       0   .__absdata__PWM1CLKAB__
     _PWM1CTL                                   505       1       1       0   .__absdata__PWM1CTL__
     _PWM1CAE                                   504       1       1       0   .__absdata__PWM1CAE__
     _PWM1PRCLK                                 503       1       1       0   .__absdata__PWM1PRCLK__
     _PWM1CLK                                   502       1       1       0   .__absdata__PWM1CLK__
     _PWM1POL                                   501       1       1       0   .__absdata__PWM1POL__
     _PWM1E                                     500       1       1       0   .__absdata__PWM1E__
     _PWM0SCLB                                  489       1       1       0   .__absdata__PWM0SCLB__
     _PWM0SCLA                                  488       1       1       0   .__absdata__PWM0SCLA__
     _PWM0CLKAB                                 486       1       1       0   .__absdata__PWM0CLKAB__
     _PWM0CTL                                   485       1       1       0   .__absdata__PWM0CTL__
     _PWM0CAE                                   484       1       1       0   .__absdata__PWM0CAE__
     _PWM0PRCLK                                 483       1       1       0   .__absdata__PWM0PRCLK__
     _PWM0CLK                                   482       1       1       0   .__absdata__PWM0CLK__
     _PWM0POL                                   481       1       1       0   .__absdata__PWM0POL__
     _PWM0E                                     480       1       1       0   .__absdata__PWM0E__
     _TIM1PTPSR                                 42E       1       1       0   .__absdata__TIM1PTPSR__
     _TIM1OCPD                                  42C       1       1       0   .__absdata__TIM1OCPD__
     _TIM1TFLG2                                 40F       1       1       0   .__absdata__TIM1TFLG2__
     _TIM1TFLG1                                 40E       1       1       0   .__absdata__TIM1TFLG1__
     _TIM1TSCR2                                 40D       1       1       0   .__absdata__TIM1TSCR2__
     _TIM1TIE                                   40C       1       1       0   .__absdata__TIM1TIE__
     _TIM1TCTL4                                 40B       1       1       0   .__absdata__TIM1TCTL4__
     _TIM1TCTL2                                 409       1       1       0   .__absdata__TIM1TCTL2__
     _TIM1TTOV                                  407       1       1       0   .__absdata__TIM1TTOV__
     _TIM1TSCR1                                 406       1       1       0   .__absdata__TIM1TSCR1__
     _TIM1CFORC                                 401       1       1       0   .__absdata__TIM1CFORC__
     _TIM1TIOS                                  400       1       1       0   .__absdata__TIM1TIOS__
     _ECCDCMD                                   3CF       1       1       0   .__absdata__ECCDCMD__
     _ECCDE                                     3CE       1       1       0   .__absdata__ECCDE__
     _ECCDPTRL                                  3C9       1       1       0   .__absdata__ECCDPTRL__
     _ECCDPTRM                                  3C8       1       1       0   .__absdata__ECCDPTRM__
     _ECCDPTRH                                  3C7       1       1       0   .__absdata__ECCDPTRH__
     _ECCIF                                     3C2       1       1       0   .__absdata__ECCIF__
     _ECCIE                                     3C1       1       1       0   .__absdata__ECCIE__
     _ECCSTAT                                   3C0       1       1       0   .__absdata__ECCSTAT__
     _FOPT                                      38A       1       1       0   .__absdata__FOPT__
     _DFPROT                                    389       1       1       0   .__absdata__DFPROT__
     _FPROT                                     388       1       1       0   .__absdata__FPROT__
     _FERSTAT                                   387       1       1       0   .__absdata__FERSTAT__
     _FSTAT                                     386       1       1       0   .__absdata__FSTAT__
     _FERCNFG                                   385       1       1       0   .__absdata__FERCNFG__
     _FCNFG                                     384       1       1       0   .__absdata__FCNFG__
     _FPSTAT                                    383       1       1       0   .__absdata__FPSTAT__
     _FCCOBIX                                   382       1       1       0   .__absdata__FCCOBIX__
     _FSEC                                      381       1       1       0   .__absdata__FSEC__
     _FCLKDIV                                   380       1       1       0   .__absdata__FCLKDIV__
     _PTTEL                                     33F       1       1       0   .__absdata__PTTEL__
     _PIRL                                      33E       1       1       0   .__absdata__PIRL__
     _PTAENL                                    33D       1       1       0   .__absdata__PTAENL__
     _DIENL                                     33C       1       1       0   .__absdata__DIENL__
     _PTADIRL                                   33B       1       1       0   .__absdata__PTADIRL__
     _PTABYPL                                   33A       1       1       0   .__absdata__PTABYPL__
     _PIFL                                      337       1       1       0   .__absdata__PIFL__
     _PIEL                                      336       1       1       0   .__absdata__PIEL__
     _PPSL                                      334       1       1       0   .__absdata__PPSL__
     _PTPSL                                     333       1       1       0   .__absdata__PTPSL__
     _PTIL                                      331       1       1       0   .__absdata__PTIL__
     _WOMJ                                      31F       1       1       0   .__absdata__WOMJ__
     _PPSJ                                      314       1       1       0   .__absdata__PPSJ__
     _PERJ                                      313       1       1       0   .__absdata__PERJ__
     _DDRJ                                      312       1       1       0   .__absdata__DDRJ__
     _PTIJ                                      311       1       1       0   .__absdata__PTIJ__
     _PTJ                                       310       1       1       0   .__absdata__PTJ__
     _RDRP                                      2FD       1       1       0   .__absdata__RDRP__
     _OCIFP                                     2FB       1       1       0   .__absdata__OCIFP__
[...]
  .dwarf_line.memchr .dwarf_line.memcmp .dwarf_line.memcpy2 .dwarf_line.memcpy 
  .dwarf_line._memcpy_8bitCount .dwarf_line.memmove .dwarf_line.memset 
  .dwarf_line._memset_clear_8bitCount .dwarf_line.strlen .dwarf_line.strset 
  .dwarf_line.strcat .dwarf_line.strncat .dwarf_line.strcpy .dwarf_line.strncpy 
  .dwarf_line.strcmp .dwarf_line.strncmp .dwarf_line.strchr .dwarf_line.strrchr 
  .dwarf_line.strspn .dwarf_line.strcspn .dwarf_line.strpbrk .dwarf_line.strstr 
  .dwarf_line.strtok .dwarf_line.strcoll .dwarf_line.strxfrm 
  .dwarf_frame.strerror .dwarf_frame.memchr .dwarf_frame.memcmp 
  .dwarf_frame.memcpy2 .dwarf_frame.memcpy .dwarf_frame._memcpy_8bitCount 
  .dwarf_frame.memmove .dwarf_frame.memset .dwarf_frame._memset_clear_8bitCount 
  .dwarf_frame.strlen .dwarf_frame.strset .dwarf_frame.strcat 
  .dwarf_frame.strncat .dwarf_frame.strcpy .dwarf_frame.strncpy 
  .dwarf_frame.strcmp .dwarf_frame.strncmp .dwarf_frame.strchr 
  .dwarf_frame.strrchr .dwarf_frame.strspn .dwarf_frame.strcspn 
  .dwarf_frame.strpbrk .dwarf_frame.strstr .dwarf_frame.strtok 
  .dwarf_frame.strcoll .dwarf_frame.strxfrm .dwarf_pubnames.strerror 
  .dwarf_pubnames.memchr .dwarf_pubnames.memcmp .dwarf_pubnames.memcpy2 
  .dwarf_pubnames.memcpy .dwarf_pubnames._memcpy_8bitCount 
  .dwarf_pubnames.memmove .dwarf_pubnames.memset 
  .dwarf_pubnames._memset_clear_8bitCount .dwarf_pubnames.strlen 
  .dwarf_pubnames.strset .dwarf_pubnames.strcat .dwarf_pubnames.strncat 
  .dwarf_pubnames.strcpy .dwarf_pubnames.strncpy .dwarf_pubnames.strcmp 
  .dwarf_pubnames.strncmp .dwarf_pubnames.strchr .dwarf_pubnames.strrchr 
  .dwarf_pubnames.strspn .dwarf_pubnames.strcspn .dwarf_pubnames.strpbrk 
  .dwarf_pubnames.strstr .dwarf_pubnames.strtok .dwarf_pubnames.strcoll 
  .dwarf_pubnames.strxfrm .dwarf_aranges.strerror .dwarf_aranges.memchr 
  .dwarf_aranges.memcmp .dwarf_aranges.memcpy2 .dwarf_aranges.memcpy 
  .dwarf_aranges._memcpy_8bitCount .dwarf_aranges.memmove .dwarf_aranges.memset 
  .dwarf_aranges._memset_clear_8bitCount .dwarf_aranges.strlen 
  .dwarf_aranges.strset .dwarf_aranges.strcat .dwarf_aranges.strncat 
  .dwarf_aranges.strcpy .dwarf_aranges.strncpy .dwarf_aranges.strcmp 
  .dwarf_aranges.strncmp .dwarf_aranges.strchr .dwarf_aranges.strrchr 
  .dwarf_aranges.strspn .dwarf_aranges.strcspn .dwarf_aranges.strpbrk 
  .dwarf_aranges.strstr .dwarf_aranges.strtok .dwarf_aranges.strcoll 
  .dwarf_aranges.strxfrm @66 _ZZ6strtokPcPKcE4next 

*********************************************************************************************
COPYDOWN SECTION
---------------------------------------------------------------------------------------------
------- ROM-ADDRESS: 0xFFE24A ---- SIZE       7 ---
Filling bytes inserted
 0000001400 1000
------- ROM-ADDRESS: 0xFFE251 ---- RAM-ADDRESS: 0x1000 ---- SIZE      16 ---
Name of initialized Object : PFLASH_Send_Command
 0410DE10ED F0038602F0 0386000490
 05
------- ROM-ADDRESS: 0xFFE261 ---- SIZE       3 ---
Filling bytes inserted
 000000
------- ROM-ADDRESS: 0xFFE264 ---- RAM-ADDRESS: 0x1013 ---- SIZE       1 ---
Name of initialized Object : seed:3
 01
------- ROM-ADDRESS: 0xFFE265 ---- SIZE       4 ---
Filling bytes inserted
 00000000

*********************************************************************************************
OBJECT-DEPENDENCIES SECTION
---------------------------------------------------------------------------------------------
Dispatcher                USES __SEG_END_SSTACK Dispatcher_2 
Dispatcher_2              USES Check_Exist_Application Jump_to_Application 
                                _EntryPoint 
uds_service_list          USES uds_service_10 uds_service_11 uds_service_27 
                                uds_service_28 uds_service_3E uds_service_22 uds_service_2E 
                                uds_service_31 uds_service_36 
rwdata_list               USES ASC_soft_ver ASC_boot_ver uds_session 
rtctrl_list               USES rtctrl_eraseApplication rtctrl_nothing 
CANComm_InterruptTx       USES CANComm_OnFreeTxBuffer 
CANComm_InterruptRx       USES SerFlag ErrFlag CANComm_OnFullRxBuffer 
CANComm_InterruptError    USES ErrFlag CANComm_OnBusOff 
_EntryPoint               USES _Startup 
Timer_1ms_Interrupt       USES Timer_1ms_OnInterrupt 
Init_UDS                  USES uds_init 
TASK_UDS                  USES Time uds_main 
ZTai_UDS_Send             USES CANComm_SendFrameExt 
RXMESSAGE                 USES CANComm_ReadFrame uds_get_frame 
GetTime                   USES Time 
CANComm_OnFullRxBuffer    USES RXMESSAGE 
Timer_1ms_OnInterrupt     USES Tick_1ms 
main                      USES PE_low_level_init PFLASH_Init CANPHY0_Init 
                                CANComm_Enable Timer_1ms_Enable Init_UDS Tick_1ms TASK_UDS 
nt_timer_start            USES nt_timer g_rfc_stmin 
nt_timer_stop             USES nt_timer 
nt_timer_run              USES nt_timer 
nt_timer_chk              USES nt_timer 
clear_network             USES nwl_st g_wait_cf g_wait_fc g_xcf_bc g_xcf_sn 
                                g_rcf_bc g_rcf_sn nt_timer_stop 
recv_singleframe          USES recv_fdl recv_buf recv_len N_USData 
recv_firstframe           USES send_flowcontrol recv_fdl recv_buf recv_len 
                                g_rcf_bc g_wait_cf nt_timer g_rcf_sn N_USData 
recv_consecutiveframe     USES nt_timer_chk g_rcf_sn N_USData recv_len 
                                recv_buf recv_fdl g_wait_cf nt_timer 
recv_flowcontrolframe     USES nt_timer_chk g_tatype g_wait_fc N_USData 
                                nt_timer_start g_rfc_bs g_rfc_stmin g_xcf_bc nt_timer 
send_flowcontrol          USES @298 ZTai_UDS_Send 
send_singleframe          USES @310 ZTai_UDS_Send 
send_firstframe           USES @336 ZTai_UDS_Send g_wait_fc nt_timer_start 
send_consecutiveframe     USES @363 ZTai_UDS_Send 
send_multipleframe        USES remain_buf g_xcf_sn send_firstframe remain_pos 
                                remain_len 
network_main              USES nt_timer_run clear_network N_USData recv_len 
                                recv_buf g_xcf_sn remain_len remain_buf remain_pos 
                                send_consecutiveframe g_rfc_bs g_xcf_bc nt_timer_start g_wait_fc 
network_recv_frame        USES g_tatype nwl_st g_wait_fc recv_flowcontrolframe 
                                clear_network g_wait_cf recv_consecutiveframe N_USData 
                                recv_len recv_buf recv_firstframe recv_singleframe 
network_send_udsmsg       USES send_singleframe nwl_st send_multipleframe 
network_reg_usdata        USES N_USData __copy 
uds_timer_run             USES uds_timer 
uds_timer_chk             USES uds_timer 
uds_negative_rsp          USES __clear uds_timer g_tatype network_send_udsmsg 
uds_service_10            USES curr_sa uds_session uds_timer ssp_flg 
                                network_send_udsmsg uds_negative_rsp 
uds_service_11            USES uds_timer ssp_flg network_send_udsmsg 
                                SET_GOTO_BOOTLOADER SW_RESET Check_Exist_Application 
                                SET_GOTO_APPLICATION uds_negative_rsp 
uds_service_27            USES req_seed uds_negative_rsp org_seed_buf 
                                uds_security_access uds_fsa_cnt uds_timer ssp_flg 
                                network_send_udsmsg curr_sa uds_timer_chk rand_u8 
uds_service_28            USES uds_negative_rsp dis_normal_xmit 
                                dis_normal_recv uds_timer ssp_flg network_send_udsmsg 
uds_service_3E            USES uds_timer ssp_flg network_send_udsmsg 
                                uds_negative_rsp 
uds_service_22            USES init_uds_support rwdata_list memcpy uds_timer 
                                ssp_flg network_send_udsmsg uds_negative_rsp 
uds_service_2E            USES rwdata_list uds_timer ssp_flg 
                                network_send_udsmsg uds_negative_rsp 
uds_service_31            USES rtctrl_list uds_negative_rsp uds_timer ssp_flg 
                                network_send_udsmsg 
uds_service_36            USES __clear ProgramFlash uds_timer ssp_flg 
                                network_send_udsmsg uds_negative_rsp 
uds_dataff_indication     USES uds_timer 
uds_data_indication       USES uds_timer uds_service_list uds_session g_tatype 
                                uds_check_len curr_sa ssp_flg uds_negative_rsp 
uds_data_confirm          USES uds_timer 
uds_get_frame             USES network_recv_frame 
uds_main                  USES network_main uds_timer_run uds_session curr_sa 
                                uds_ioctrl_allstop uds_fsa_cnt 
uds_init                  USES uds_session uds_load_rwdata 
                                uds_dataff_indication uds_data_indication uds_data_confirm 
                                init_uds_support __copy network_reg_usdata 
uds_security_access       USES can_to_hostl seedTOKey 
init_uds_support          USES BootLoader_Version_array ASC_boot_ver memcpy 
                                ASC_soft_ver 
rtctrl_eraseApplication   USES FLASH_EraseApplication 
rand_u8                   USES GetTime srand rand 
SET_GOTO_BOOTLOADER       USES EEPROM_Erase_Sector 
SET_GOTO_APPLICATION      USES Check_Exist_Application EEPROM_Program 
EEPROM_Program            USES EEPROM_Erase_Verify_Section 
FLASH_EraseApplication    USES PFLASH_EraseSectorBySector 
ProgramFlash              USES memcpy PFLASH_Program 
PFLASH_Erase_Verify_Section USES PFLASH_Send_Command 
PFLASH_Program            USES PFLASH_Erase_Verify_Section PFLASH_Send_Command 
PFLASH_Erase_Sector       USES PFLASH_Send_Command 
PFLASH_EraseSectorBySector USES PFLASH_Erase_Sector 
DoZeroOut                 USES _startupData 
DoCopyDown                USES _startupData 
_Startup                  USES __SEG_END_SSTACK DoZeroOut DoCopyDown main 
PE_low_level_init         USES CANComm_Init 
rand                      USES seed 
srand                     USES seed 
CANComm_SendFrameExt      USES EnUser CCR_reg 
CANComm_ReadFrame         USES EnUser SerFlag 
CANComm_Init              USES EnUser 
CANComm_Enable            USES EnUser 
_InterruptVectorTable     USES Cpu_Interrupt CANComm_InterruptTx 
                                CANComm_InterruptRx CANComm_InterruptError Timer_1ms_Interrupt 
_ResetVectorTable         USES Dispatcher 

*********************************************************************************************
DEPENDENCY TREE
*********************************************************************************************
 main and _Startup Group
 | 
 +- main                
 |  | 
 |  +- PE_low_level_init   
 |  |  | 
 |  |  +- CANComm_Init        
 |  |       
 |  +- PFLASH_Init         
 |  |    
 |  +- CANPHY0_Init        
 |  |    
 |  +- CANComm_Enable      
 |  |    
 |  +- Timer_1ms_Enable    
 |  |    
 |  +- Init_UDS            
 |  |  | 
 |  |  +- uds_init            
 |  |     | 
 |  |     +- uds_load_rwdata     
 |  |     |    
 |  |     +- uds_dataff_indication
 |  |     |    
 |  |     +- uds_data_indication 
 |  |     |  | 
 |  |     |  +- uds_service_list    
 |  |     |  |  | 
 |  |     |  |  +- uds_service_10      
 |  |     |  |  |  | 
 |  |     |  |  |  +- network_send_udsmsg 
 |  |     |  |  |  |  | 
 |  |     |  |  |  |  +- send_singleframe    
 |  |     |  |  |  |  |  | 
 |  |     |  |  |  |  |  +- ZTai_UDS_Send       
 |  |     |  |  |  |  |     | 
 |  |     |  |  |  |  |     +- CANComm_SendFrameExt
 |  |     |  |  |  |  |          
 |  |     |  |  |  |  +- send_multipleframe  
 |  |     |  |  |  |     | 
 |  |     |  |  |  |     +- send_firstframe     
 |  |     |  |  |  |        | 
 |  |     |  |  |  |        +- ZTai_UDS_Send        (see above)
 |  |     |  |  |  |        |  
 |  |     |  |  |  |        +- nt_timer_start      
 |  |     |  |  |  |             
 |  |     |  |  |  +- uds_negative_rsp    
 |  |     |  |  |     | 
 |  |     |  |  |     +- __clear             
 |  |     |  |  |     |    
 |  |     |  |  |     +- network_send_udsmsg  (see above)
 |  |     |  |  |        
 |  |     |  |  +- uds_service_11      
 |  |     |  |  |  | 
 |  |     |  |  |  +- network_send_udsmsg  (see above)
 |  |     |  |  |  |  
 |  |     |  |  |  +- SET_GOTO_BOOTLOADER 
 |  |     |  |  |  |  | 
 |  |     |  |  |  |  +- EEPROM_Erase_Sector 
 |  |     |  |  |  |       
 |  |     |  |  |  +- SW_RESET            
 |  |     |  |  |  |    
 |  |     |  |  |  +- Check_Exist_Application
 |  |     |  |  |  |    
 |  |     |  |  |  +- SET_GOTO_APPLICATION
 |  |     |  |  |  |  | 
 |  |     |  |  |  |  +- Check_Exist_Application (see above)
 |  |     |  |  |  |  |  
 |  |     |  |  |  |  +- EEPROM_Program      
 |  |     |  |  |  |     | 
 |  |     |  |  |  |     +- EEPROM_Erase_Verify_Section
 |  |     |  |  |  |          
 |  |     |  |  |  +- uds_negative_rsp     (see above)
 |  |     |  |  |     
 |  |     |  |  +- uds_service_27      
 |  |     |  |  |  | 
 |  |     |  |  |  +- uds_negative_rsp     (see above)
 |  |     |  |  |  |  
 |  |     |  |  |  +- uds_security_access 
 |  |     |  |  |  |  | 
 |  |     |  |  |  |  +- can_to_hostl        
 |  |     |  |  |  |  |    
 |  |     |  |  |  |  +- seedTOKey           
 |  |     |  |  |  |       
 |  |     |  |  |  +- network_send_udsmsg  (see above)
 |  |     |  |  |  |  
 |  |     |  |  |  +- uds_timer_chk       
 |  |     |  |  |  |    
 |  |     |  |  |  +- rand_u8             
 |  |     |  |  |     | 
 |  |     |  |  |     +- GetTime             
 |  |     |  |  |     |    
 |  |     |  |  |     +- srand               
 |  |     |  |  |     |    
 |  |     |  |  |     +- rand                
 |  |     |  |  |          
 |  |     |  |  +- uds_service_28      
 |  |     |  |  |  | 
 |  |     |  |  |  +- uds_negative_rsp     (see above)
 |  |     |  |  |  |  
 |  |     |  |  |  +- network_send_udsmsg  (see above)
 |  |     |  |  |     
 |  |     |  |  +- uds_service_3E      
 |  |     |  |  |  | 
 |  |     |  |  |  +- network_send_udsmsg  (see above)
 |  |     |  |  |  |  
 |  |     |  |  |  +- uds_negative_rsp     (see above)
 |  |     |  |  |     
 |  |     |  |  +- uds_service_22      
 |  |     |  |  |  | 
 |  |     |  |  |  +- init_uds_support    
 |  |     |  |  |  |  | 
 |  |     |  |  |  |  +- memcpy              
 |  |     |  |  |  |       
 |  |     |  |  |  +- memcpy               (see above)
 |  |     |  |  |  |  
 |  |     |  |  |  +- network_send_udsmsg  (see above)
 |  |     |  |  |  |  
 |  |     |  |  |  +- uds_negative_rsp     (see above)
 |  |     |  |  |     
 |  |     |  |  +- uds_service_2E      
 |  |     |  |  |  | 
 |  |     |  |  |  +- network_send_udsmsg  (see above)
 |  |     |  |  |  |  
 |  |     |  |  |  +- uds_negative_rsp     (see above)
 |  |     |  |  |     
 |  |     |  |  +- uds_service_31      
 |  |     |  |  |  | 
 |  |     |  |  |  +- rtctrl_list         
 |  |     |  |  |  |  | 
 |  |     |  |  |  |  +- rtctrl_eraseApplication
 |  |     |  |  |  |  |  | 
 |  |     |  |  |  |  |  +- FLASH_EraseApplication
 |  |     |  |  |  |  |     | 
 |  |     |  |  |  |  |     +- PFLASH_EraseSectorBySector
 |  |     |  |  |  |  |        | 
 |  |     |  |  |  |  |        +- PFLASH_Erase_Sector 
 |  |     |  |  |  |  |           | 
 |  |     |  |  |  |  |           +- PFLASH_Send_Command 
 |  |     |  |  |  |  |                
 |  |     |  |  |  |  +- rtctrl_nothing      
 |  |     |  |  |  |       
 |  |     |  |  |  +- uds_negative_rsp     (see above)
 |  |     |  |  |  |  
 |  |     |  |  |  +- network_send_udsmsg  (see above)
 |  |     |  |  |     
 |  |     |  |  +- uds_service_36      
 |  |     |  |     | 
 |  |     |  |     +- __clear              (see above)
 |  |     |  |     |  
 |  |     |  |     +- ProgramFlash        
 |  |     |  |     |  | 
 |  |     |  |     |  +- memcpy               (see above)
 |  |     |  |     |  |  
 |  |     |  |     |  +- PFLASH_Program      
 |  |     |  |     |     | 
 |  |     |  |     |     +- PFLASH_Erase_Verify_Section
 |  |     |  |     |     |  | 
 |  |     |  |     |     |  +- PFLASH_Send_Command  (see above)
 |  |     |  |     |     |     
 |  |     |  |     |     +- PFLASH_Send_Command  (see above)
 |  |     |  |     |        
 |  |     |  |     +- network_send_udsmsg  (see above)
 |  |     |  |     |  
 |  |     |  |     +- uds_negative_rsp     (see above)
 |  |     |  |        
 |  |     |  +- uds_check_len       
 |  |     |  |    
 |  |     |  +- uds_negative_rsp     (see above)
 |  |     |     
 |  |     +- uds_data_confirm    
 |  |     |    
 |  |     +- init_uds_support     (see above)
 |  |     |  
 |  |     +- __copy              
 |  |     |    
 |  |     +- network_reg_usdata  
 |  |        | 
 |  |        +- __copy               (see above)
 |  |           
 |  +- TASK_UDS            
 |     | 
 |     +- uds_main            
 |        | 
 |        +- network_main        
 |        |  | 
 |        |  +- nt_timer_run        
 |        |  |    
 |        |  +- clear_network       
 |        |  |  | 
 |        |  |  +- nt_timer_stop       
 |        |  |       
 |        |  +- send_consecutiveframe
 |        |  |  | 
 |        |  |  +- ZTai_UDS_Send        (see above)
 |        |  |     
 |        |  +- nt_timer_start       (see above)
 |        |     
 |        +- uds_timer_run       
 |        |    
 |        +- uds_ioctrl_allstop  
 |             
 +- Dispatcher          
    | 
    +- Dispatcher_2         (recursive dependency)
       | 
       +- Check_Exist_Application (see above)
       |  
       +- Jump_to_Application 
       |    
       +- _EntryPoint          (recursive dependency)
          | 
          +- _Startup             (recursive dependency)
             | 
             +- DoZeroOut            (recursive dependency)
             |  | 
             |  +- _startupData        
             |     | 
             |     +- SW_RESET             (see above)
             |     |  
             |     +- Check_Exist_Application (see above)
             |     |  
             |     +- Jump_to_Application  (see above)
             |     |  
             |     +- Dispatcher_2         (see above) (recursive dependency)
             |        
             +- DoCopyDown          
             |  | 
             |  +- _startupData         (see above)
             |     
             +- main                 (see above)
                
 _InterruptVectorTable
 | 
 +- Cpu_Interrupt       
 |    
 +- CANComm_InterruptTx 
 |  | 
 |  +- CANComm_OnFreeTxBuffer
 |       
 +- CANComm_InterruptRx 
 |  | 
 |  +- CANComm_OnFullRxBuffer
 |     | 
 |     +- RXMESSAGE           
 |        | 
 |        +- CANComm_ReadFrame   
 |        |    
 |        +- uds_get_frame       
 |           | 
 |           +- network_recv_frame  
 |              | 
 |              +- recv_flowcontrolframe
 |              |  | 
 |              |  +- nt_timer_chk        
 |              |  |    
 |              |  +- nt_timer_start       (see above)
 |              |     
 |              +- clear_network        (see above)
 |              |  
 |              +- recv_consecutiveframe
 |              |  | 
 |              |  +- nt_timer_chk         (see above)
 |              |     
 |              +- recv_firstframe     
 |              |  | 
 |              |  +- send_flowcontrol    
 |              |     | 
 |              |     +- ZTai_UDS_Send        (see above)
 |              |        
 |              +- recv_singleframe    
 |                   
 +- CANComm_InterruptError
 |  | 
 |  +- CANComm_OnBusOff    
 |       
 +- Timer_1ms_Interrupt 
    | 
    +- Timer_1ms_OnInterrupt
         
 _ResetVectorTable   
 | 
 +- Dispatcher           (see above)
    
*********************************************************************************************
STATISTIC SECTION
---------------------------------------------------------------------------------------------

ExeFile:
--------
Number of blocks to be downloaded: 12
Total size of all blocks to be downloaded: 9313

